 _______  _______ _________ _______  _        _______  _______             _______  _       _________ ______   _______ _________ _______  _______
(  ____ \(  ___  )\__   __/(  ___  )( \      (  ___  )(  ____ \  |\     /|(  ___  )( \      \__   __/(  __  \ (  ___  )\__   __/(  ___  )(  ____ )
| (    \/| (   ) |   ) (   | (   ) || (      | (   ) || (    \/  | )   ( || (   ) || (         ) (   | (  \  )| (   ) |   ) (   | (   ) || (    )|
| |      | (___) |   | |   | (___) || |      | |   | || |        | |   | || (___) || |         | |   | |   ) || (___) |   | |   | |   | || (____)|
| |      |  ___  |   | |   |  ___  || |      | |   | || | ____   ( (   ) )|  ___  || |         | |   | |   | ||  ___  |   | |   | |   | ||     __)
| |      | (   ) |   | |   | (   ) || |      | |   | || | \_  )   \ \_/ / | (   ) || |         | |   | |   ) || (   ) |   | |   | |   | || (\ (
| (____/\| )   ( |   | |   | )   ( || (____/\| (___) || (___) |    \   /  | )   ( || (____/\___) (___| (__/  )| )   ( |   | |   | (___) || ) \ \__
(_______/|/     \|   )_(   |/     \|(_______/(_______)(_______)     \_/   |/     \|(_______/\_______/(______/ |/     \|   )_(   (_______)|/   \__/

2025-09-29 15:15:58,484 DEBUG: ####### START TIME: 2025.09.29 15:15:58 ########
2025-09-29 15:16:01,766 DEBUG: ********** XSD VALIDATION TO CLIENT CATALOG **********
2025-09-29 15:16:02,046 SUCCESS: Client Catalog is valid!
2025-09-29 15:16:02,047 DEBUG: ********** XSD VALIDATION TO OSS CATALOG **********
2025-09-29 15:16:02,190 SUCCESS: OSS Catalog is valid!
2025-09-29 15:16:02,191 DEBUG: ********** XSD VALIDATION TO OPERATIONS CATALOG **********
2025-09-29 15:16:02,205 SUCCESS: Operations Catalog is valid!
2025-09-29 15:16:02,206 DEBUG: ********** COMPARE CLIENT AND OSS CATALOGS **********
2025-09-29 15:16:02,262 SUCCESS: Success in comparison between Client and Oss
2025-09-29 15:16:02,263 DEBUG: ********** COMPARE CLIENT AND OPERATIONS CATALOGS **********
2025-09-29 15:16:02,264 SUCCESS: Success in comparison between Client and Operation
2025-09-29 15:16:02,265 DEBUG: ********** PARTITION OF VALIDATION **********
2025-09-29 15:16:02,265 SUCCESS: The field 'partition of' is valid
2025-09-29 15:16:02,269 DEBUG: ********** CHECK FOR RESERVED WORDS **********
2025-09-29 15:16:04,304 SUCCESS: There are no reserved words in catalog
2025-09-29 15:16:04,305 DEBUG: ********** CHECK FOR INCONSISTENT TYPES DBN0/BDTYPE **********
2025-09-29 15:16:04,337 SUCCESS: bdtype/dbn0type are consistent
2025-09-29 15:16:04,338 DEBUG: ********** COMPARE BDTYPE AND TYPECUST **********
2025-09-29 15:17:13,346 SUCCESS: bdtype/typeCust are consistent
2025-09-29 15:17:13,346 DEBUG: ********** CHECK FOR INCONSISTENT TYPES CATALOG/DBN0TYPE **********
2025-09-29 15:17:13,357 SUCCESS: catalog/dbn0type are consistent
2025-09-29 15:17:13,358 DEBUG: ********** VALIDATE ENRICH TYPE **********
2025-09-29 15:17:13,379 SUCCESS: The enrichment fields are well
2025-09-29 15:17:13,381 DEBUG: ********** CHECK FOR CM/MT TYPE IN MO **********
2025-09-29 15:17:13,415 SUCCESS: There is at least one CM/MT dbn0type in all units
2025-09-29 15:17:13,416 DEBUG: ********** CHECK FOR PRIMARY KEY IN MO **********
2025-09-29 15:17:13,427 SUCCESS: <PK> fields are correct
2025-09-29 15:17:13,428 DEBUG: ********** CHECK FORBIDDEN CHARACTERS **********
2025-09-29 15:17:14,923 SUCCESS: No forbidden characters found
2025-09-29 15:17:14,924 DEBUG: ********** CHECK CONSISTENT IN THE NUMBER OF ATTRIBUTES **********
2025-09-29 15:17:15,017 SUCCESS: The number of attributes is consistent
2025-09-29 15:17:15,018 DEBUG: ********** CHECK RULES FOR ROOT OSSVERSION**********
2025-09-29 15:17:15,018 SUCCESS: Root <ossversion> is valid
2025-09-29 15:17:15,019 DEBUG: ********** CHECK RULES FOR ATTRIBUTE V IN OSS ITEM **********
2025-09-29 15:17:15,084 SUCCESS: Attribute <v> is valid in all items
2025-09-29 15:17:15,085 DEBUG: ####### END TIME: 2025.09.29 15:17:15 ########
