 _______  _______ _________ _______  _        _______  _______             _______  _       _________ ______   _______ _________ _______  _______
(  ____ \(  ___  )\__   __/(  ___  )( \      (  ___  )(  ____ \  |\     /|(  ___  )( \      \__   __/(  __  \ (  ___  )\__   __/(  ___  )(  ____ )
| (    \/| (   ) |   ) (   | (   ) || (      | (   ) || (    \/  | )   ( || (   ) || (         ) (   | (  \  )| (   ) |   ) (   | (   ) || (    )|
| |      | (___) |   | |   | (___) || |      | |   | || |        | |   | || (___) || |         | |   | |   ) || (___) |   | |   | |   | || (____)|
| |      |  ___  |   | |   |  ___  || |      | |   | || | ____   ( (   ) )|  ___  || |         | |   | |   | ||  ___  |   | |   | |   | ||     __)
| |      | (   ) |   | |   | (   ) || |      | |   | || | \_  )   \ \_/ / | (   ) || |         | |   | |   ) || (   ) |   | |   | |   | || (\ (
| (____/\| )   ( |   | |   | )   ( || (____/\| (___) || (___) |    \   /  | )   ( || (____/\___) (___| (__/  )| )   ( |   | |   | (___) || ) \ \__
(_______/|/     \|   )_(   |/     \|(_______/(_______)(_______)     \_/   |/     \|(_______/\_______/(______/ |/     \|   )_(   (_______)|/   \__/

2025-09-29 10:12:21,502 DEBUG: ####### START TIME: 2025.09.29 10:12:21 ########
2025-09-29 10:12:25,017 DEBUG: ********** XSD VALIDATION TO CLIENT CATALOG **********
2025-09-29 10:12:25,278 SUCCESS: Client Catalog is valid!
2025-09-29 10:12:25,280 DEBUG: ********** XSD VALIDATION TO OSS CATALOG **********
2025-09-29 10:12:25,424 SUCCESS: OSS Catalog is valid!
2025-09-29 10:12:25,425 DEBUG: ********** XSD VALIDATION TO OPERATIONS CATALOG **********
2025-09-29 10:12:25,446 SUCCESS: Operations Catalog is valid!
2025-09-29 10:12:25,447 DEBUG: ********** COMPARE CLIENT AND OSS CATALOGS **********
2025-09-29 10:12:25,493 SUCCESS: Success in comparison between Client and Oss
2025-09-29 10:12:25,494 DEBUG: ********** COMPARE CLIENT AND OPERATIONS CATALOGS **********
2025-09-29 10:12:25,496 SUCCESS: Success in comparison between Client and Operation
2025-09-29 10:12:25,496 DEBUG: ********** PARTITION OF VALIDATION **********
2025-09-29 10:12:25,497 SUCCESS: The field 'partition of' is valid
2025-09-29 10:12:25,506 DEBUG: ********** CHECK FOR RESERVED WORDS **********
2025-09-29 10:12:27,289 SUCCESS: There are no reserved words in catalog
2025-09-29 10:12:27,290 DEBUG: ********** CHECK FOR INCONSISTENT TYPES DBN0/BDTYPE **********
2025-09-29 10:12:27,315 SUCCESS: bdtype/dbn0type are consistent
2025-09-29 10:12:27,315 DEBUG: ********** COMPARE BDTYPE AND TYPECUST **********
2025-09-29 10:13:14,850 SUCCESS: bdtype/typeCust are consistent
2025-09-29 10:13:14,851 DEBUG: ********** CHECK FOR INCONSISTENT TYPES CATALOG/DBN0TYPE **********
2025-09-29 10:13:14,861 SUCCESS: catalog/dbn0type are consistent
2025-09-29 10:13:14,862 DEBUG: ********** VALIDATE ENRICH TYPE **********
2025-09-29 10:13:14,880 SUCCESS: The enrichment fields are well
2025-09-29 10:13:14,881 DEBUG: ********** CHECK FOR CM/MT TYPE IN MO **********
2025-09-29 10:13:14,909 SUCCESS: There is at least one CM/MT dbn0type in all units
2025-09-29 10:13:14,910 DEBUG: ********** CHECK FOR PRIMARY KEY IN MO **********
2025-09-29 10:13:14,920 SUCCESS: <PK> fields are correct
2025-09-29 10:13:14,921 DEBUG: ********** CHECK FORBIDDEN CHARACTERS **********
2025-09-29 10:13:16,262 SUCCESS: No forbidden characters found
2025-09-29 10:13:16,263 DEBUG: ********** CHECK CONSISTENT IN THE NUMBER OF ATTRIBUTES **********
2025-09-29 10:13:16,343 WARNING: The number of attributes in <item> is not consistent. {u'name': 21985, u'unitVendor': 21985, u'typeVendor': 21985, u'typeCust': 21985, u'v': 21985, u'seqlength': 21673, u'id': 21985, u'desc': 21985}
2025-09-29 10:13:16,345 DEBUG: ********** CHECK RULES FOR ROOT OSSVERSION**********
2025-09-29 10:13:16,345 SUCCESS: Root <ossversion> is valid
2025-09-29 10:13:16,346 DEBUG: ********** CHECK RULES FOR ATTRIBUTE V IN OSS ITEM **********
2025-09-29 10:13:16,398 SUCCESS: Attribute <v> is valid in all items
2025-09-29 10:13:16,399 DEBUG: ####### END TIME: 2025.09.29 10:13:16 ########
