 _______  _______ _________ _______  _        _______  _______             _______  _       _________ ______   _______ _________ _______  _______
(  ____ \(  ___  )\__   __/(  ___  )( \      (  ___  )(  ____ \  |\     /|(  ___  )( \      \__   __/(  __  \ (  ___  )\__   __/(  ___  )(  ____ )
| (    \/| (   ) |   ) (   | (   ) || (      | (   ) || (    \/  | )   ( || (   ) || (         ) (   | (  \  )| (   ) |   ) (   | (   ) || (    )|
| |      | (___) |   | |   | (___) || |      | |   | || |        | |   | || (___) || |         | |   | |   ) || (___) |   | |   | |   | || (____)|
| |      |  ___  |   | |   |  ___  || |      | |   | || | ____   ( (   ) )|  ___  || |         | |   | |   | ||  ___  |   | |   | |   | ||     __)
| |      | (   ) |   | |   | (   ) || |      | |   | || | \_  )   \ \_/ / | (   ) || |         | |   | |   ) || (   ) |   | |   | |   | || (\ (
| (____/\| )   ( |   | |   | )   ( || (____/\| (___) || (___) |    \   /  | )   ( || (____/\___) (___| (__/  )| )   ( |   | |   | (___) || ) \ \__
(_______/|/     \|   )_(   |/     \|(_______/(_______)(_______)     \_/   |/     \|(_______/\_______/(______/ |/     \|   )_(   (_______)|/   \__/

2025-09-29 22:41:43,963 DEBUG: ####### START TIME: 2025.09.29 22:41:43 ########
2025-09-29 22:41:47,374 DEBUG: ********** XSD VALIDATION TO CLIENT CATALOG **********
2025-09-29 22:41:47,650 SUCCESS: Client Catalog is valid!
2025-09-29 22:41:47,651 DEBUG: ********** XSD VALIDATION TO OSS CATALOG **********
2025-09-29 22:41:47,801 SUCCESS: OSS Catalog is valid!
2025-09-29 22:41:47,802 DEBUG: ********** XSD VALIDATION TO OPERATIONS CATALOG **********
2025-09-29 22:41:47,843 SUCCESS: Operations Catalog is valid!
2025-09-29 22:41:47,844 DEBUG: ********** COMPARE CLIENT AND OSS CATALOGS **********
2025-09-29 22:41:47,890 SUCCESS: Success in comparison between Client and Oss
2025-09-29 22:41:47,891 DEBUG: ********** COMPARE CLIENT AND OPERATIONS CATALOGS **********
2025-09-29 22:41:47,892 SUCCESS: Success in comparison between Client and Operation
2025-09-29 22:41:47,893 DEBUG: ********** PARTITION OF VALIDATION **********
2025-09-29 22:41:47,894 SUCCESS: The field 'partition of' is valid
2025-09-29 22:41:47,914 DEBUG: ********** CHECK FOR RESERVED WORDS **********
2025-09-29 22:41:49,616 SUCCESS: There are no reserved words in catalog
2025-09-29 22:41:49,618 DEBUG: ********** CHECK FOR INCONSISTENT TYPES DBN0/BDTYPE **********
2025-09-29 22:41:49,643 SUCCESS: bdtype/dbn0type are consistent
2025-09-29 22:41:49,644 DEBUG: ********** COMPARE BDTYPE AND TYPECUST **********
2025-09-29 22:42:29,784 SUCCESS: bdtype/typeCust are consistent
2025-09-29 22:42:29,785 DEBUG: ********** CHECK FOR INCONSISTENT TYPES CATALOG/DBN0TYPE **********
2025-09-29 22:42:29,796 SUCCESS: catalog/dbn0type are consistent
2025-09-29 22:42:29,797 DEBUG: ********** VALIDATE ENRICH TYPE **********
2025-09-29 22:42:29,815 SUCCESS: The enrichment fields are well
2025-09-29 22:42:29,817 DEBUG: ********** CHECK FOR CM/MT TYPE IN MO **********
2025-09-29 22:42:29,845 SUCCESS: There is at least one CM/MT dbn0type in all units
2025-09-29 22:42:29,846 DEBUG: ********** CHECK FOR PRIMARY KEY IN MO **********
2025-09-29 22:42:29,855 SUCCESS: <PK> fields are correct
2025-09-29 22:42:29,856 DEBUG: ********** CHECK FORBIDDEN CHARACTERS **********
2025-09-29 22:42:31,092 SUCCESS: No forbidden characters found
2025-09-29 22:42:31,093 DEBUG: ********** CHECK CONSISTENT IN THE NUMBER OF ATTRIBUTES **********
2025-09-29 22:42:31,173 WARNING: The number of attributes in <item> is not consistent. {u'name': 21985, u'unitVendor': 21985, u'typeVendor': 21985, u'typeCust': 21985, u'v': 21985, u'seqlength': 21673, u'id': 21985, u'desc': 21985}
2025-09-29 22:42:31,174 DEBUG: ********** CHECK RULES FOR ROOT OSSVERSION**********
2025-09-29 22:42:31,175 SUCCESS: Root <ossversion> is valid
2025-09-29 22:42:31,176 DEBUG: ********** CHECK RULES FOR ATTRIBUTE V IN OSS ITEM **********
2025-09-29 22:42:31,230 SUCCESS: Attribute <v> is valid in all items
2025-09-29 22:42:31,232 DEBUG: ####### END TIME: 2025.09.29 22:42:31 ########
